Microchip MPLAB XC8 Compiler V3.10

Linker command line:

-W-3 --edf=E:\MPXLab\XC8 Compiler\pic\dat\20250813170317_en.msgs -cn \
  -h+dist/default/production\Air_Particulate_Sensor.X.production.sym \
  --cmf=dist/default/production\Air_Particulate_Sensor.X.production.cmf -z \
  -Q16LF15375 -oC:\Users\schop\AppData\Local\Temp\xcAsslo.0\driver_tmp_3.o \
  --defsym=__MPLAB_BUILD=1 --fixupoverflow=error \
  -Mdist/default/production/Air_Particulate_Sensor.X.production.map \
  --md=C:\Users\schop\AppData\Local\Temp\xcAsslo.0\driver_tmp_0.dat -E1 \
  -ver=XC8 Compiler -ACODE=00h-07FFhx4 -ASTRCODE=00h-01FFFh \
  -ASTRING=00h-0FFhx32 -ACONST=00h-0FFhx32 -AENTRY=00h-0FFhx32 \
  -ACOMMON=070h-07Fh -ABANK0=020h-06Fh -ABANK1=0A0h-0EFh \
  -ABANK2=0120h-016Fh -ABANK3=01A0h-01EFh -ABANK4=0220h-026Fh \
  -ABANK5=02A0h-02EFh -ABANK6=0320h-036Fh -ABANK7=03A0h-03EFh \
  -ABANK8=0420h-046Fh -ABANK9=04A0h-04EFh -ABANK10=0520h-056Fh \
  -ABANK11=05A0h-05EFh -ABANK12=0620h-064Fh -ABIGRAM=02000h-023EFh \
  -ARAM=020h-06Fh,0A0h-0EFh,0120h-016Fh,01A0h-01EFh,0220h-026Fh,02A0h-02EFh,0320h-036Fh,03A0h-03EFh,0420h-046Fh,04A0h-04EFh,0520h-056Fh,05A0h-05EFh,0620h-064Fh \
  -AABS1=020h-07Fh,0A0h-0EFh,0120h-016Fh,01A0h-01EFh,0220h-026Fh,02A0h-02EFh,0320h-036Fh,03A0h-03EFh,0420h-046Fh,04A0h-04EFh,0520h-056Fh,05A0h-05EFh,0620h-064Fh \
  -ASFR0=00h-01Fh -ASFR1=080h-09Fh -ASFR2=0100h-011Fh -ASFR3=0180h-019Fh \
  -ASFR4=0200h-021Fh -ASFR5=0280h-029Fh -ASFR6=0300h-031Fh \
  -ASFR7=0380h-039Fh -ASFR8=0400h-041Fh -ASFR9=0480h-049Fh \
  -ASFR10=0500h-051Fh -ASFR11=0580h-059Fh -ASFR12=0600h-061Fh \
  -ASFR13=0680h-06EFh -ASFR14=0700h-076Fh -ASFR15=0780h-07EFh \
  -ASFR16=0800h-086Fh -ASFR17=0880h-08EFh -ASFR18=0900h-096Fh \
  -ASFR19=0980h-09EFh -ASFR20=0A00h-0A6Fh -ASFR21=0A80h-0AEFh \
  -ASFR22=0B00h-0B6Fh -ASFR23=0B80h-0BEFh -ASFR24=0C00h-0C6Fh \
  -ASFR25=0C80h-0CEFh -ASFR26=0D00h-0D6Fh -ASFR27=0D80h-0DEFh \
  -ASFR28=0E00h-0E6Fh -ASFR29=0E80h-0EEFh -ASFR30=0F00h-0F6Fh \
  -ASFR31=0F80h-0FEFh -ASFR32=01000h-0106Fh -ASFR33=01080h-010EFh \
  -ASFR34=01100h-0116Fh -ASFR35=01180h-011EFh -ASFR36=01200h-0126Fh \
  -ASFR37=01280h-012EFh -ASFR38=01300h-0136Fh -ASFR39=01380h-013EFh \
  -ASFR40=01400h-0146Fh -ASFR41=01480h-014EFh -ASFR42=01500h-0156Fh \
  -ASFR43=01580h-015EFh -ASFR44=01600h-0166Fh -ASFR45=01680h-016EFh \
  -ASFR46=01700h-0176Fh -ASFR47=01780h-017EFh -ASFR48=01800h-0186Fh \
  -ASFR49=01880h-018EFh -ASFR50=01900h-0196Fh -ASFR51=01980h-019EFh \
  -ASFR52=01A00h-01A6Fh -ASFR53=01A80h-01AEFh -ASFR54=01B00h-01B6Fh \
  -ASFR55=01B80h-01BEFh -ASFR56=01C00h-01C6Fh -ASFR57=01C80h-01CEFh \
  -ASFR58=01D00h-01D6Fh -ASFR59=01D80h-01DEFh -ASFR60=01E00h-01E6Fh \
  -ASFR61=01E80h-01EEFh -ASFR62=01F00h-01F6Fh -ASFR63=01F80h-01FEFh \
  -ACONFIG=08007h-0800Bh -DCONFIG=2 -AIDLOC=08000h-08003h -DIDLOC=2 \
  -DCODE=2 -DSTRCODE=2 -DSTRING=2 -DCONST=2 -DENTRY=2 \
  -preset_vec=00h,intentry=04h,sivt,init,end_init -ppowerup=CODE \
  -pcinit=CODE -pfunctab=ENTRY -k dist/default/production\startup.o \
  dist/default/production\Air_Particulate_Sensor.X.production.o 

Object code version is 3.11

Machine type is 16LF15375



                Name                               Link     Load   Length Selector   Space Scale
dist/default/production\startup.o
                end_init                             28       28        2        8       0
                reset_vec                             0        0        2        0       0
                config                             8007     8007        5        0       4
dist/default/production\Air_Particulate_Sensor.X.production.o
                cinit                                2A       2A       23        8       0
                intentry                              4        4       24        8       0
                config                             8007     8007        5        0       4
                text56                              E71      E71       12     1CE2       0
                text55                              7A5      7A5       2B        8       0
                text54                              DE4      DE4        4     1BC8       0
                text53                              E14      E14        7     1C28       0
                text52                              DF0      DF0        6     1BE0       0
                text51                              719      719       32        8       0
                text50                              DF6      DF6        6     1BEC       0
                text49                              DFC      DFC        6     1BF8       0
                text48                              E1B      E1B        7     1C36       0
                text47                              E22      E22        7     1C44       0
                text46                              F12      F12       1C     1E24       0
                text45                              DE8      DE8        4     1BD0       0
                text44                              5D3      5D3       3B        8       0
                text43                              DEC      DEC        4     1BD8       0
                text41                              7EF      7EF       10        8       0
                text40                              E37      E37        A     1C6E       0
                text39                              E62      E62        F     1CC4       0
                text38                              E02      E02        6     1C04       0
                text37                              E41      E41        A     1C82       0
                text36                              3D4      3D4       53        8       0
                text35                              E55      E55        D     1CAA       0
                text34                              67E      67E       35        8       0
                text33                              E29      E29        7     1C52       0
                text32                              F2E      F2E       1C     1E5C       0
                text31                              648      648       36        8       0
                text30                              F4A      F4A       1E     1E94       0
                text29                              EC5      EC5       19     1D8A       0
                text28                              478      478       51        8       0
                text27                              427      427       51        8       0
                text26                              2BC      2BC       62        8       0
                text25                              E4B      E4B        A     1C96       0
                text24                              F68      F68       1E     1ED0       0
                text23                              EDE      EDE       19     1DBC       0
                text22                              779      779       2C        8       0
                text21                              FC2      FC2       1F     1F84       0
                text20                              FE1      FE1       1F     1FC2       0
                text19                              7D0      7D0       1F        8       0
                text18                              55B      55B       3D        8       0
                text17                              E96      E96       17     1D2C       0
                text16                              EF7      EF7       1B     1DEE       0
                text15                              60E      60E       3A        8       0
                text14                              4C9      4C9       4E        8       0
                text13                              E83      E83       13     1D06       0
                text12                              74B      74B       2E        8       0
                text11                              31E      31E       5D        8       0
                text10                              517      517       44        8       0
                text9                               EAD      EAD       18     1D5A       0
                text8                               6B3      6B3       34        8       0
                text7                               598      598       3B        8       0
                text6                               6E7      6E7       32        8       0
                text5                               7FF      7FF        1        8       0
                text4                               37B      37B       59        8       0
                text3                               1F0      1F0       CC        8       0
                text2                               F86      F86       1E     1F0C       0
                text1                               FA4      FA4       1E     1F48       0
                maintext                             4D       4D      1A3        8       0
                cstackBANK0                          20       20       2F       20       1
                cstackCOMMON                         70       70        8       70       1
                cstackBANK1                          A0       A0       45       A0       1
                clrtext                             E08      E08        6     1C10       0
                inittext                            E0E      E0E        6     1C1C       0
                bssBANK2                            120      120       20      120       1
                dataBANK0                            63       63        7       20       1
                bssBANK0                             4F       4F       14       20       1
                bssCOMMON                            78       78        3       70       1
                stringtext17                       10E5     10E5        8     2000       0
                stringtext16                       10DA     10DA        B     2000       0
                stringtext15                       10CE     10CE        C     2000       0
                stringtext14                       10C2     10C2        C     2000       0
                stringtext13                       10B6     10B6        C     2000       0
                stringtext12                       10A9     10A9        D     2000       0
                stringtext11                       109C     109C        D     2000       0
                stringtext10                       108F     108F        D     2000       0
                stringtext9                        1081     1081        E     2000       0
                stringtext8                        1073     1073        E     2000       0
                stringtext7                        1065     1065        E     2000       0
                stringtext6                        1056     1056        F     2000       0
                stringtext5                        1047     1047        F     2000       0
                stringtext4                        1037     1037       10     2000       0
                stringtext3                        1026     1026       11     2000       0
                nvBANK0                              6A       6A        2       20       1
                stringtext2                        1014     1014       12     2000       0
                stringtext1                        1000     1000       14     2000       0
                idataBANK0                          E30      E30        7     1C60       0

TOTAL           Name                               Link     Load   Length     Space
        CLASS   CODE           
                end_init                             28       28        2         0
                cinit                                2A       2A       23         0
                intentry                              4        4       24         0
                reset_vec                             0        0        2         0
                text56                              E71      E71       12         0
                text55                              7A5      7A5       2B         0
                text54                              DE4      DE4        4         0
                text53                              E14      E14        7         0
                text52                              DF0      DF0        6         0
                text51                              719      719       32         0
                text50                              DF6      DF6        6         0
                text49                              DFC      DFC        6         0
                text48                              E1B      E1B        7         0
                text47                              E22      E22        7         0
                text46                              F12      F12       1C         0
                text45                              DE8      DE8        4         0
                text44                              5D3      5D3       3B         0
                text43                              DEC      DEC        4         0
                text41                              7EF      7EF       10         0
                text40                              E37      E37        A         0
                text39                              E62      E62        F         0
                text38                              E02      E02        6         0
                text37                              E41      E41        A         0
                text36                              3D4      3D4       53         0
                text35                              E55      E55        D         0
                text34                              67E      67E       35         0
                text33                              E29      E29        7         0
                text32                              F2E      F2E       1C         0
                text31                              648      648       36         0
                text30                              F4A      F4A       1E         0
                text29                              EC5      EC5       19         0
                text28                              478      478       51         0
                text27                              427      427       51         0
                text26                              2BC      2BC       62         0
                text25                              E4B      E4B        A         0
                text24                              F68      F68       1E         0
                text23                              EDE      EDE       19         0
                text22                              779      779       2C         0
                text21                              FC2      FC2       1F         0
                text20                              FE1      FE1       1F         0
                text19                              7D0      7D0       1F         0
                text18                              55B      55B       3D         0
                text17                              E96      E96       17         0
                text16                              EF7      EF7       1B         0
                text15                              60E      60E       3A         0
                text14                              4C9      4C9       4E         0
                text13                              E83      E83       13         0
                text12                              74B      74B       2E         0
                text11                              31E      31E       5D         0
                text10                              517      517       44         0
                text9                               EAD      EAD       18         0
                text8                               6B3      6B3       34         0
                text7                               598      598       3B         0
                text6                               6E7      6E7       32         0
                text5                               7FF      7FF        1         0
                text4                               37B      37B       59         0
                text3                               1F0      1F0       CC         0
                text2                               F86      F86       1E         0
                text1                               FA4      FA4       1E         0
                maintext                             4D       4D      1A3         0
                clrtext                             E08      E08        6         0
                inittext                            E0E      E0E        6         0
                idataBANK0                          E30      E30        7         0

        CLASS   STRCODE        
                stringtext17                       10E5     10E5        8         0
                stringtext16                       10DA     10DA        B         0
                stringtext15                       10CE     10CE        C         0
                stringtext14                       10C2     10C2        C         0
                stringtext13                       10B6     10B6        C         0
                stringtext12                       10A9     10A9        D         0
                stringtext11                       109C     109C        D         0
                stringtext10                       108F     108F        D         0
                stringtext9                        1081     1081        E         0
                stringtext8                        1073     1073        E         0
                stringtext7                        1065     1065        E         0
                stringtext6                        1056     1056        F         0
                stringtext5                        1047     1047        F         0
                stringtext4                        1037     1037       10         0
                stringtext3                        1026     1026       11         0
                stringtext2                        1014     1014       12         0
                stringtext1                        1000     1000       14         0

        CLASS   STRING         

        CLASS   CONST          

        CLASS   ENTRY          

        CLASS   COMMON         
                cstackCOMMON                         70       70        8         1
                bssCOMMON                            78       78        3         1

        CLASS   BANK0          
                cstackBANK0                          20       20       2F         1
                dataBANK0                            63       63        7         1
                bssBANK0                             4F       4F       14         1
                nvBANK0                              6A       6A        2         1

        CLASS   BANK1          
                cstackBANK1                          A0       A0       45         1

        CLASS   BANK2          
                bssBANK2                            120      120       20         1

        CLASS   BANK3          

        CLASS   BANK4          

        CLASS   BANK5          

        CLASS   BANK6          

        CLASS   BANK7          

        CLASS   BANK8          

        CLASS   BANK9          

        CLASS   BANK10         

        CLASS   BANK11         

        CLASS   BANK12         

        CLASS   BIGRAM         

        CLASS   RAM            

        CLASS   ABS1           
                abs_s1                               7E       7E        2         1

        CLASS   SFR0           

        CLASS   SFR1           

        CLASS   SFR2           

        CLASS   SFR3           

        CLASS   SFR4           

        CLASS   SFR5           

        CLASS   SFR6           

        CLASS   SFR7           

        CLASS   SFR8           

        CLASS   SFR9           

        CLASS   SFR10          

        CLASS   SFR11          

        CLASS   SFR12          

        CLASS   SFR13          

        CLASS   SFR14          

        CLASS   SFR15          

        CLASS   SFR16          

        CLASS   SFR17          

        CLASS   SFR18          

        CLASS   SFR19          

        CLASS   SFR20          

        CLASS   SFR21          

        CLASS   SFR22          

        CLASS   SFR23          

        CLASS   SFR24          

        CLASS   SFR25          

        CLASS   SFR26          

        CLASS   SFR27          

        CLASS   SFR28          

        CLASS   SFR29          

        CLASS   SFR30          

        CLASS   SFR31          

        CLASS   SFR32          

        CLASS   SFR33          

        CLASS   SFR34          

        CLASS   SFR35          

        CLASS   SFR36          

        CLASS   SFR37          

        CLASS   SFR38          

        CLASS   SFR39          

        CLASS   SFR40          

        CLASS   SFR41          

        CLASS   SFR42          

        CLASS   SFR43          

        CLASS   SFR44          

        CLASS   SFR45          

        CLASS   SFR46          

        CLASS   SFR47          

        CLASS   SFR48          

        CLASS   SFR49          

        CLASS   SFR50          

        CLASS   SFR51          

        CLASS   SFR52          

        CLASS   SFR53          

        CLASS   SFR54          

        CLASS   SFR55          

        CLASS   SFR56          

        CLASS   SFR57          

        CLASS   SFR58          

        CLASS   SFR59          

        CLASS   SFR60          

        CLASS   SFR61          

        CLASS   SFR62          

        CLASS   SFR63          

        CLASS   CONFIG         
                config                             8007     8007        5         4

        CLASS   IDLOC          

        CLASS   BANK63         

        CLASS   BANK62         

        CLASS   BANK61         

        CLASS   BANK60         

        CLASS   BANK59         

        CLASS   BANK58         

        CLASS   BANK57         

        CLASS   BANK56         

        CLASS   BANK55         

        CLASS   BANK54         

        CLASS   BANK53         

        CLASS   BANK52         

        CLASS   BANK51         

        CLASS   BANK50         

        CLASS   BANK49         

        CLASS   BANK48         

        CLASS   BANK47         

        CLASS   BANK46         

        CLASS   BANK45         

        CLASS   BANK44         

        CLASS   BANK43         

        CLASS   BANK42         

        CLASS   BANK41         

        CLASS   BANK40         

        CLASS   BANK39         

        CLASS   BANK38         

        CLASS   BANK37         

        CLASS   BANK36         

        CLASS   BANK35         

        CLASS   BANK34         

        CLASS   BANK33         

        CLASS   BANK32         

        CLASS   BANK31         

        CLASS   BANK30         

        CLASS   BANK29         

        CLASS   BANK28         

        CLASS   BANK27         

        CLASS   BANK26         

        CLASS   BANK25         

        CLASS   BANK24         

        CLASS   BANK23         

        CLASS   BANK22         

        CLASS   BANK21         

        CLASS   BANK20         

        CLASS   BANK19         

        CLASS   BANK18         

        CLASS   BANK17         

        CLASS   BANK16         

        CLASS   BANK15         

        CLASS   BANK14         

        CLASS   BANK13         

        CLASS   HEAP           

        CLASS   STACK          

        CLASS   EEDATA         



SEGMENTS        Name                           Load    Length   Top    Selector   Space  Class     Delta

                reset_vec                      000000  000002  000002         0       0  CODE        2
                intentry                       000004  0007FC  000800         8       0  CODE        2
                cstackBANK0                    000020  00004C  00006C        20       1  BANK0       1
                cstackCOMMON                   000070  00000B  00007B        70       1  COMMON      1
                cstackBANK1                    0000A0  000045  0000E5        A0       1  BANK1       1
                bssBANK2                       000120  000020  000140       120       1  BANK2       1
                text54                         000DE4  000004  000DE8      1BC8       0  CODE        2
                text45                         000DE8  000004  000DEC      1BD0       0  CODE        2
                text43                         000DEC  000004  000DF0      1BD8       0  CODE        2
                text52                         000DF0  000006  000DF6      1BE0       0  CODE        2
                text50                         000DF6  000006  000DFC      1BEC       0  CODE        2
                text49                         000DFC  000006  000E02      1BF8       0  CODE        2
                text38                         000E02  000006  000E08      1C04       0  CODE        2
                clrtext                        000E08  000006  000E0E      1C10       0  CODE        2
                inittext                       000E0E  000006  000E14      1C1C       0  CODE        2
                text53                         000E14  000007  000E1B      1C28       0  CODE        2
                text48                         000E1B  000007  000E22      1C36       0  CODE        2
                text47                         000E22  000007  000E29      1C44       0  CODE        2
                text33                         000E29  000007  000E30      1C52       0  CODE        2
                idataBANK0                     000E30  000007  000E37      1C60       0  CODE        2
                text40                         000E37  00000A  000E41      1C6E       0  CODE        2
                text37                         000E41  00000A  000E4B      1C82       0  CODE        2
                text25                         000E4B  00000A  000E55      1C96       0  CODE        2
                text35                         000E55  00000D  000E62      1CAA       0  CODE        2
                text39                         000E62  00000F  000E71      1CC4       0  CODE        2
                text56                         000E71  000012  000E83      1CE2       0  CODE        2
                text13                         000E83  000013  000E96      1D06       0  CODE        2
                text17                         000E96  000017  000EAD      1D2C       0  CODE        2
                text9                          000EAD  000018  000EC5      1D5A       0  CODE        2
                text29                         000EC5  000019  000EDE      1D8A       0  CODE        2
                text23                         000EDE  000019  000EF7      1DBC       0  CODE        2
                text16                         000EF7  00001B  000F12      1DEE       0  CODE        2
                text46                         000F12  00001C  000F2E      1E24       0  CODE        2
                text32                         000F2E  00001C  000F4A      1E5C       0  CODE        2
                text30                         000F4A  00001E  000F68      1E94       0  CODE        2
                text24                         000F68  00001E  000F86      1ED0       0  CODE        2
                text2                          000F86  00001E  000FA4      1F0C       0  CODE        2
                text1                          000FA4  00001E  000FC2      1F48       0  CODE        2
                text21                         000FC2  00001F  000FE1      1F84       0  CODE        2
                text20                         000FE1  00001F  001000      1FC2       0  CODE        2
                stringtext1                    001000  0000ED  0010ED      2000       0  STRCODE     2


UNUSED ADDRESS RANGES

        Name                Unused          Largest block    Delta
        BANK0            0006C-0006F               4           1
        BANK1            000E5-000EF               B           1
        BANK10           00520-0056F              50           1
        BANK11           005A0-005EF              50           1
        BANK12           00620-0064F              30           1
        BANK2            00140-0016F              30           1
        BANK3            001A0-001EF              50           1
        BANK4            00220-0026F              50           1
        BANK5            002A0-002EF              50           1
        BANK6            00320-0036F              50           1
        BANK7            003A0-003EF              50           1
        BANK8            00420-0046F              50           1
        BANK9            004A0-004EF              50           1
        BIGRAM           02000-023EF             3F0           1
        CODE             00002-00003               2           2
                         00800-00DE3             5E4
                         010ED-01FFF             713
        COMMON           0007B-0007D               3           1
        CONST            00002-00003               2           2
                         00800-00DE3             100
                         010ED-01FFF             100
        ENTRY            00002-00003               2           2
                         00800-00DE3             100
                         010ED-01FFF             100
        IDLOC            08000-08003               4           2
        RAM              0006C-0006F               4           1
                         000E5-000EF               B
                         00140-0016F              30
                         001A0-001EF              50
                         00220-0026F              50
                         002A0-002EF              50
                         00320-0036F              50
                         003A0-003EF              50
                         00420-0046F              50
                         004A0-004EF              50
                         00520-0056F              50
                         005A0-005EF              50
                         00620-0064F              30
        SFR0             00000-0001F              20           1
        SFR1             00080-0009F              20           1
        SFR10            00500-0051F              20           1
        SFR11            00580-0059F              20           1
        SFR12            00600-0061F              20           1
        SFR13            00680-006EF              70           1
        SFR14            00700-0076F              70           1
        SFR15            00780-007EF              70           1
        SFR16            00800-0086F              70           1
        SFR17            00880-008EF              70           1
        SFR18            00900-0096F              70           1
        SFR19            00980-009EF              70           1
        SFR2             00100-0011F              20           1
        SFR20            00A00-00A6F              70           1
        SFR21            00A80-00AEF              70           1
        SFR22            00B00-00B6F              70           1
        SFR23            00B80-00BEF              70           1
        SFR24            00C00-00C6F              70           1
        SFR25            00C80-00CEF              70           1
        SFR26            00D00-00D6F              70           1
        SFR27            00D80-00DEF              70           1
        SFR28            00E00-00E6F              70           1
        SFR29            00E80-00EEF              70           1
        SFR3             00180-0019F              20           1
        SFR30            00F00-00F6F              70           1
        SFR31            00F80-00FEF              70           1
        SFR32            01000-0106F              70           1
        SFR33            01080-010EF              70           1
        SFR34            01100-0116F              70           1
        SFR35            01180-011EF              70           1
        SFR36            01200-0126F              70           1
        SFR37            01280-012EF              70           1
        SFR38            01300-0136F              70           1
        SFR39            01380-013EF              70           1
        SFR4             00200-0021F              20           1
        SFR40            01400-0146F              70           1
        SFR41            01480-014EF              70           1
        SFR42            01500-0156F              70           1
        SFR43            01580-015EF              70           1
        SFR44            01600-0166F              70           1
        SFR45            01680-016EF              70           1
        SFR46            01700-0176F              70           1
        SFR47            01780-017EF              70           1
        SFR48            01800-0186F              70           1
        SFR49            01880-018EF              70           1
        SFR5             00280-0029F              20           1
        SFR50            01900-0196F              70           1
        SFR51            01980-019EF              70           1
        SFR52            01A00-01A6F              70           1
        SFR53            01A80-01AEF              70           1
        SFR54            01B00-01B6F              70           1
        SFR55            01B80-01BEF              70           1
        SFR56            01C00-01C6F              70           1
        SFR57            01C80-01CEF              70           1
        SFR58            01D00-01D6F              70           1
        SFR59            01D80-01DEF              70           1
        SFR6             00300-0031F              20           1
        SFR60            01E00-01E6F              70           1
        SFR61            01E80-01EEF              70           1
        SFR62            01F00-01F6F              70           1
        SFR63            01F80-01FEF              70           1
        SFR7             00380-0039F              20           1
        SFR8             00400-0041F              20           1
        SFR9             00480-0049F              20           1
        STRCODE          00002-00003               2           2
                         00800-00DE3             5E4
                         010ED-01FFF             F13
        STRING           00002-00003               2           2
                         00800-00DE3             100
                         010ED-01FFF             100

                                  Symbol Table

?___lwdiv                                cstackCOMMON 00073
?___lwmod                                cstackCOMMON 00073
?_sprintf                                cstackBANK0  0003C
?_strlen                                 cstackCOMMON 00073
?_vfprintf                               cstackBANK0  00034
I2C1_EVENT_ERROR@retEventState           cstackCOMMON 00070
I2C1_EVENT_NACK@retEventState            cstackCOMMON 00070
I2C1_EVENT_RX@retEventState              cstackCOMMON 00070
I2C1_EVENT_TX@retEventState              cstackCOMMON 00070
I2C_HW_Init@brg                          cstackCOMMON 00073
I2C_HW_Read@ack                          cstackBANK0  00025
I2C_HW_Read@addr                         cstackBANK0  00024
I2C_HW_Read@buf                          cstackBANK0  00022
I2C_HW_Read@i                            cstackBANK0  00026
I2C_HW_Read@len                          cstackBANK0  00023
I2C_HW_Read@s                            cstackBANK0  00027
I2C_HW_ReadByte@byte                     cstackBANK0  00020
I2C_HW_ReadByte@s                        cstackCOMMON 00077
I2C_HW_ReadByte@send_ack                 cstackBANK0  00021
I2C_HW_SendByte@byte                     cstackCOMMON 00075
I2C_HW_SendByte@s                        cstackCOMMON 00076
I2C_HW_Start@s                           cstackCOMMON 00077
I2C_HW_Stop@s                            cstackCOMMON 00077
I2C_HW_Write@addr                        cstackBANK0  00022
I2C_HW_Write@data                        cstackBANK0  00020
I2C_HW_Write@i                           cstackBANK0  00023
I2C_HW_Write@len                         cstackBANK0  00021
I2C_HW_Write@s                           cstackBANK0  00024
INT_SetInterruptHandler@InterruptHandler cstackCOMMON 00073
_ANSELA                                  (abs)        01F38
_ANSELB                                  (abs)        01F43
_ANSELC                                  (abs)        01F4E
_ANSELD                                  (abs)        01F59
_ANSELDbits                              (abs)        01F59
_ANSELE                                  (abs)        01F64
_CLOCK_Initialize                        text40       00E37
_I2C1_Callback                           bssCOMMON    00078
_I2C1_CallbackRegister                   (abs)        00000
_I2C1_Close                              text56       00E71
_I2C1_Deinitialize                       (abs)        00000
_I2C1_ERROR_ISR                          text45       00DE8
_I2C1_EVENT_ERROR                        text49       00DFC
_I2C1_EVENT_IDLE                         text54       00DE4
_I2C1_EVENT_NACK                         text50       00DF6
_I2C1_EVENT_RESET                        text47       00E22
_I2C1_EVENT_RX                           text51       00719
_I2C1_EVENT_SEND_RD_ADDR                 text53       00E14
_I2C1_EVENT_SEND_WR_ADDR                 text52       00DF0
_I2C1_EVENT_STOP                         text48       00E1B
_I2C1_EVENT_TX                           text55       007A5
_I2C1_ErrorEventHandler                  text46       00F12
_I2C1_ErrorGet                           (abs)        00000
_I2C1_EventHandler                       text44       005D3
_I2C1_ISR                                text43       00DEC
_I2C1_Initialize                         text39       00E62
_I2C1_IsBusy                             (abs)        00000
_I2C1_Read                               (abs)        00000
_I2C1_Write                              (abs)        00000
_I2C1_WriteRead                          (abs)        00000
_I2C_HW_Init                             text41       007EF
_I2C_HW_Read                             text14       004C9
_I2C_HW_ReadByte                         text15       0060E
_I2C_HW_SendByte                         text22       00779
_I2C_HW_Start                            text20       00FE1
_I2C_HW_Stop                             text19       007D0
_I2C_HW_Write                            text18       0055B
_INLVLA                                  (abs)        01F3C
_INLVLB                                  (abs)        01F47
_INLVLC                                  (abs)        01F52
_INLVLD                                  (abs)        01F5D
_INLVLE                                  (abs)        01F68
_INTCONbits                              (abs)        0000B
_INTERRUPT_Initialize                    text37       00E41
_INTERRUPT_InterruptManager              intentry     00004
_INT_DefaultInterruptHandler             (abs)        00000
_INT_InterruptHandler                    nvBANK0      0006A
_INT_SetInterruptHandler                 text38       00E02
_IOCAF                                   (abs)        01F3F
_IOCAN                                   (abs)        01F3E
_IOCAP                                   (abs)        01F3D
_IOCBF                                   (abs)        01F4A
_IOCBN                                   (abs)        01F49
_IOCBP                                   (abs)        01F48
_IOCCF                                   (abs)        01F55
_IOCCN                                   (abs)        01F54
_IOCCP                                   (abs)        01F53
_IOCEF                                   (abs)        01F6B
_IOCEN                                   (abs)        01F6A
_IOCEP                                   (abs)        01F69
_LATA                                    (abs)        00018
_LATB                                    (abs)        00019
_LATBbits                                (abs)        00019
_LATC                                    (abs)        0001A
_LATCbits                                (abs)        0001A
_LATD                                    (abs)        0001B
_LATDbits                                (abs)        0001B
_LATE                                    (abs)        0001C
_ODCONA                                  (abs)        01F3A
_ODCONB                                  (abs)        01F45
_ODCONC                                  (abs)        01F50
_ODCOND                                  (abs)        01F5B
_ODCONE                                  (abs)        01F66
_OSCCON1                                 (abs)        0088D
_OSCCON3                                 (abs)        0088F
_OSCEN                                   (abs)        00891
_OSCFRQ                                  (abs)        00893
_OSCTUNE                                 (abs)        00892
_PIE3bits                                (abs)        00719
_PIN_MANAGER_Initialize                  text36       003D4
_PIR0bits                                (abs)        0070C
_PIR3bits                                (abs)        0070F
_PORTCbits                               (abs)        0000E
_RC4PPS                                  (abs)        01F24
_RC5PPS                                  (abs)        01F25
_SLRCONA                                 (abs)        01F3B
_SLRCONB                                 (abs)        01F46
_SLRCONC                                 (abs)        01F51
_SLRCOND                                 (abs)        01F5C
_SLRCONE                                 (abs)        01F67
_SSP1ADD                                 (abs)        0018D
_SSP1BUF                                 (abs)        0018C
_SSP1CLKPPS                              (abs)        01EC5
_SSP1CON1                                (abs)        00190
_SSP1CON1bits                            (abs)        00190
_SSP1CON2                                (abs)        00191
_SSP1CON2bits                            (abs)        00191
_SSP1CON3                                (abs)        00192
_SSP1DATPPS                              (abs)        01EC6
_SSP1STAT                                (abs)        0018F
_SSP1STATbits                            (abs)        0018F
_SYSTEM_Initialize                       text35       00E55
_TRISA                                   (abs)        00012
_TRISB                                   (abs)        00013
_TRISC                                   (abs)        00014
_TRISCbits                               (abs)        00014
_TRISD                                   (abs)        00015
_TRISDbits                               (abs)        00015
_TRISE                                   (abs)        00016
_WPUA                                    (abs)        01F39
_WPUB                                    (abs)        01F44
_WPUC                                    (abs)        01F4F
_WPUD                                    (abs)        01F5A
_WPUE                                    (abs)        01F65
__H__absolute__                          __absolute__ 00000
__Habs1                                  abs1         00000
__Hbank0                                 bank0        00000
__Hbank1                                 bank1        00000
__Hbank10                                bank10       00000
__Hbank11                                bank11       00000
__Hbank12                                bank12       00000
__Hbank13                                bank13       00000
__Hbank14                                bank14       00000
__Hbank15                                bank15       00000
__Hbank16                                bank16       00000
__Hbank17                                bank17       00000
__Hbank18                                bank18       00000
__Hbank19                                bank19       00000
__Hbank2                                 bank2        00000
__Hbank20                                bank20       00000
__Hbank21                                bank21       00000
__Hbank22                                bank22       00000
__Hbank23                                bank23       00000
__Hbank24                                bank24       00000
__Hbank25                                bank25       00000
__Hbank26                                bank26       00000
__Hbank27                                bank27       00000
__Hbank28                                bank28       00000
__Hbank29                                bank29       00000
__Hbank3                                 bank3        00000
__Hbank30                                bank30       00000
__Hbank31                                bank31       00000
__Hbank32                                bank32       00000
__Hbank33                                bank33       00000
__Hbank34                                bank34       00000
__Hbank35                                bank35       00000
__Hbank36                                bank36       00000
__Hbank37                                bank37       00000
__Hbank38                                bank38       00000
__Hbank39                                bank39       00000
__Hbank4                                 bank4        00000
__Hbank40                                bank40       00000
__Hbank41                                bank41       00000
__Hbank42                                bank42       00000
__Hbank43                                bank43       00000
__Hbank44                                bank44       00000
__Hbank45                                bank45       00000
__Hbank46                                bank46       00000
__Hbank47                                bank47       00000
__Hbank48                                bank48       00000
__Hbank49                                bank49       00000
__Hbank5                                 bank5        00000
__Hbank50                                bank50       00000
__Hbank51                                bank51       00000
__Hbank52                                bank52       00000
__Hbank53                                bank53       00000
__Hbank54                                bank54       00000
__Hbank55                                bank55       00000
__Hbank56                                bank56       00000
__Hbank57                                bank57       00000
__Hbank58                                bank58       00000
__Hbank59                                bank59       00000
__Hbank6                                 bank6        00000
__Hbank60                                bank60       00000
__Hbank61                                bank61       00000
__Hbank62                                bank62       00000
__Hbank63                                bank63       00000
__Hbank7                                 bank7        00000
__Hbank8                                 bank8        00000
__Hbank9                                 bank9        00000
__Hbigram                                bigram       00000
__HbssBANK0                              bssBANK0     00000
__HbssBANK2                              bssBANK2     00000
__HbssCOMMON                             bssCOMMON    00000
__Hcinit                                 cinit        0004D
__Hclrtext                               clrtext      00000
__Hcode                                  code         00000
__Hcommon                                common       00000
__Hconfig                                config       0800C
__HcstackBANK0                           cstackBANK0  00000
__HcstackBANK1                           cstackBANK1  00000
__HcstackCOMMON                          cstackCOMMON 00000
__HdataBANK0                             dataBANK0    00000
__Heeprom_data                           eeprom_data  00000
__Hend_init                              end_init     0002A
__Hfunctab                               functab      00000
__Hheap                                  heap         00000
__HidataBANK0                            idataBANK0   00000
__Hinit                                  init         00028
__Hinittext                              inittext     00000
__Hintentry                              intentry     00028
__Hmaintext                              maintext     00000
__HnvBANK0                               nvBANK0      00000
__Hpowerup                               powerup      00000
__Hram                                   ram          00000
__Hreset_vec                             reset_vec    00002
__Hsfr0                                  sfr0         00000
__Hsfr1                                  sfr1         00000
__Hsfr10                                 sfr10        00000
__Hsfr11                                 sfr11        00000
__Hsfr12                                 sfr12        00000
__Hsfr13                                 sfr13        00000
__Hsfr14                                 sfr14        00000
__Hsfr15                                 sfr15        00000
__Hsfr16                                 sfr16        00000
__Hsfr17                                 sfr17        00000
__Hsfr18                                 sfr18        00000
__Hsfr19                                 sfr19        00000
__Hsfr2                                  sfr2         00000
__Hsfr20                                 sfr20        00000
__Hsfr21                                 sfr21        00000
__Hsfr22                                 sfr22        00000
__Hsfr23                                 sfr23        00000
__Hsfr24                                 sfr24        00000
__Hsfr25                                 sfr25        00000
__Hsfr26                                 sfr26        00000
__Hsfr27                                 sfr27        00000
__Hsfr28                                 sfr28        00000
__Hsfr29                                 sfr29        00000
__Hsfr3                                  sfr3         00000
__Hsfr30                                 sfr30        00000
__Hsfr31                                 sfr31        00000
__Hsfr32                                 sfr32        00000
__Hsfr33                                 sfr33        00000
__Hsfr34                                 sfr34        00000
__Hsfr35                                 sfr35        00000
__Hsfr36                                 sfr36        00000
__Hsfr37                                 sfr37        00000
__Hsfr38                                 sfr38        00000
__Hsfr39                                 sfr39        00000
__Hsfr4                                  sfr4         00000
__Hsfr40                                 sfr40        00000
__Hsfr41                                 sfr41        00000
__Hsfr42                                 sfr42        00000
__Hsfr43                                 sfr43        00000
__Hsfr44                                 sfr44        00000
__Hsfr45                                 sfr45        00000
__Hsfr46                                 sfr46        00000
__Hsfr47                                 sfr47        00000
__Hsfr48                                 sfr48        00000
__Hsfr49                                 sfr49        00000
__Hsfr5                                  sfr5         00000
__Hsfr50                                 sfr50        00000
__Hsfr51                                 sfr51        00000
__Hsfr52                                 sfr52        00000
__Hsfr53                                 sfr53        00000
__Hsfr54                                 sfr54        00000
__Hsfr55                                 sfr55        00000
__Hsfr56                                 sfr56        00000
__Hsfr57                                 sfr57        00000
__Hsfr58                                 sfr58        00000
__Hsfr59                                 sfr59        00000
__Hsfr6                                  sfr6         00000
__Hsfr60                                 sfr60        00000
__Hsfr61                                 sfr61        00000
__Hsfr62                                 sfr62        00000
__Hsfr63                                 sfr63        00000
__Hsfr7                                  sfr7         00000
__Hsfr8                                  sfr8         00000
__Hsfr9                                  sfr9         00000
__Hsivt                                  sivt         00028
__Hspace_0                               (abs)        010ED
__Hspace_1                               (abs)        00140
__Hspace_2                               (abs)        00000
__Hspace_3                               (abs)        00000
__Hspace_4                               (abs)        10013
__Hstack                                 stack        00000
__Hstrings                               strings      00000
__Hstringtext1                           stringtext1  00000
__Hstringtext10                          stringtext10 00000
__Hstringtext11                          stringtext11 00000
__Hstringtext12                          stringtext12 00000
__Hstringtext13                          stringtext13 00000
__Hstringtext14                          stringtext14 00000
__Hstringtext15                          stringtext15 00000
__Hstringtext16                          stringtext16 00000
__Hstringtext17                          stringtext17 00000
__Hstringtext18                          stringtext18 00000
__Hstringtext2                           stringtext2  00000
__Hstringtext3                           stringtext3  00000
__Hstringtext4                           stringtext4  00000
__Hstringtext5                           stringtext5  00000
__Hstringtext6                           stringtext6  00000
__Hstringtext7                           stringtext7  00000
__Hstringtext8                           stringtext8  00000
__Hstringtext9                           stringtext9  00000
__Htext                                  text         00000
__L__absolute__                          __absolute__ 00000
__Labs1                                  abs1         00000
__Lbank0                                 bank0        00000
__Lbank1                                 bank1        00000
__Lbank10                                bank10       00000
__Lbank11                                bank11       00000
__Lbank12                                bank12       00000
__Lbank13                                bank13       00000
__Lbank14                                bank14       00000
__Lbank15                                bank15       00000
__Lbank16                                bank16       00000
__Lbank17                                bank17       00000
__Lbank18                                bank18       00000
__Lbank19                                bank19       00000
__Lbank2                                 bank2        00000
__Lbank20                                bank20       00000
__Lbank21                                bank21       00000
__Lbank22                                bank22       00000
__Lbank23                                bank23       00000
__Lbank24                                bank24       00000
__Lbank25                                bank25       00000
__Lbank26                                bank26       00000
__Lbank27                                bank27       00000
__Lbank28                                bank28       00000
__Lbank29                                bank29       00000
__Lbank3                                 bank3        00000
__Lbank30                                bank30       00000
__Lbank31                                bank31       00000
__Lbank32                                bank32       00000
__Lbank33                                bank33       00000
__Lbank34                                bank34       00000
__Lbank35                                bank35       00000
__Lbank36                                bank36       00000
__Lbank37                                bank37       00000
__Lbank38                                bank38       00000
__Lbank39                                bank39       00000
__Lbank4                                 bank4        00000
__Lbank40                                bank40       00000
__Lbank41                                bank41       00000
__Lbank42                                bank42       00000
__Lbank43                                bank43       00000
__Lbank44                                bank44       00000
__Lbank45                                bank45       00000
__Lbank46                                bank46       00000
__Lbank47                                bank47       00000
__Lbank48                                bank48       00000
__Lbank49                                bank49       00000
__Lbank5                                 bank5        00000
__Lbank50                                bank50       00000
__Lbank51                                bank51       00000
__Lbank52                                bank52       00000
__Lbank53                                bank53       00000
__Lbank54                                bank54       00000
__Lbank55                                bank55       00000
__Lbank56                                bank56       00000
__Lbank57                                bank57       00000
__Lbank58                                bank58       00000
__Lbank59                                bank59       00000
__Lbank6                                 bank6        00000
__Lbank60                                bank60       00000
__Lbank61                                bank61       00000
__Lbank62                                bank62       00000
__Lbank63                                bank63       00000
__Lbank7                                 bank7        00000
__Lbank8                                 bank8        00000
__Lbank9                                 bank9        00000
__Lbigram                                bigram       00000
__LbssBANK0                              bssBANK0     00000
__LbssBANK2                              bssBANK2     00000
__LbssCOMMON                             bssCOMMON    00000
__Lcinit                                 cinit        0002A
__Lclrtext                               clrtext      00000
__Lcode                                  code         00000
__Lcommon                                common       00000
__Lconfig                                config       00000
__LcstackBANK0                           cstackBANK0  00000
__LcstackBANK1                           cstackBANK1  00000
__LcstackCOMMON                          cstackCOMMON 00000
__LdataBANK0                             dataBANK0    00000
__Leeprom_data                           eeprom_data  00000
__Lend_init                              end_init     00028
__Lfunctab                               functab      00000
__Lheap                                  heap         00000
__LidataBANK0                            idataBANK0   00000
__Linit                                  init         00028
__Linittext                              inittext     00000
__Lintentry                              intentry     00004
__Lmaintext                              maintext     00000
__LnvBANK0                               nvBANK0      00000
__Lpowerup                               powerup      00000
__Lram                                   ram          00000
__Lreset_vec                             reset_vec    00000
__Lsfr0                                  sfr0         00000
__Lsfr1                                  sfr1         00000
__Lsfr10                                 sfr10        00000
__Lsfr11                                 sfr11        00000
__Lsfr12                                 sfr12        00000
__Lsfr13                                 sfr13        00000
__Lsfr14                                 sfr14        00000
__Lsfr15                                 sfr15        00000
__Lsfr16                                 sfr16        00000
__Lsfr17                                 sfr17        00000
__Lsfr18                                 sfr18        00000
__Lsfr19                                 sfr19        00000
__Lsfr2                                  sfr2         00000
__Lsfr20                                 sfr20        00000
__Lsfr21                                 sfr21        00000
__Lsfr22                                 sfr22        00000
__Lsfr23                                 sfr23        00000
__Lsfr24                                 sfr24        00000
__Lsfr25                                 sfr25        00000
__Lsfr26                                 sfr26        00000
__Lsfr27                                 sfr27        00000
__Lsfr28                                 sfr28        00000
__Lsfr29                                 sfr29        00000
__Lsfr3                                  sfr3         00000
__Lsfr30                                 sfr30        00000
__Lsfr31                                 sfr31        00000
__Lsfr32                                 sfr32        00000
__Lsfr33                                 sfr33        00000
__Lsfr34                                 sfr34        00000
__Lsfr35                                 sfr35        00000
__Lsfr36                                 sfr36        00000
__Lsfr37                                 sfr37        00000
__Lsfr38                                 sfr38        00000
__Lsfr39                                 sfr39        00000
__Lsfr4                                  sfr4         00000
__Lsfr40                                 sfr40        00000
__Lsfr41                                 sfr41        00000
__Lsfr42                                 sfr42        00000
__Lsfr43                                 sfr43        00000
__Lsfr44                                 sfr44        00000
__Lsfr45                                 sfr45        00000
__Lsfr46                                 sfr46        00000
__Lsfr47                                 sfr47        00000
__Lsfr48                                 sfr48        00000
__Lsfr49                                 sfr49        00000
__Lsfr5                                  sfr5         00000
__Lsfr50                                 sfr50        00000
__Lsfr51                                 sfr51        00000
__Lsfr52                                 sfr52        00000
__Lsfr53                                 sfr53        00000
__Lsfr54                                 sfr54        00000
__Lsfr55                                 sfr55        00000
__Lsfr56                                 sfr56        00000
__Lsfr57                                 sfr57        00000
__Lsfr58                                 sfr58        00000
__Lsfr59                                 sfr59        00000
__Lsfr6                                  sfr6         00000
__Lsfr60                                 sfr60        00000
__Lsfr61                                 sfr61        00000
__Lsfr62                                 sfr62        00000
__Lsfr63                                 sfr63        00000
__Lsfr7                                  sfr7         00000
__Lsfr8                                  sfr8         00000
__Lsfr9                                  sfr9         00000
__Lsivt                                  sivt         00028
__Lspace_0                               (abs)        00000
__Lspace_1                               (abs)        00000
__Lspace_2                               (abs)        00000
__Lspace_3                               (abs)        00000
__Lspace_4                               (abs)        00000
__Lstack                                 stack        00000
__Lstrings                               strings      00000
__Lstringtext1                           stringtext1  00000
__Lstringtext10                          stringtext10 00000
__Lstringtext11                          stringtext11 00000
__Lstringtext12                          stringtext12 00000
__Lstringtext13                          stringtext13 00000
__Lstringtext14                          stringtext14 00000
__Lstringtext15                          stringtext15 00000
__Lstringtext16                          stringtext16 00000
__Lstringtext17                          stringtext17 00000
__Lstringtext18                          stringtext18 00000
__Lstringtext2                           stringtext2  00000
__Lstringtext3                           stringtext3  00000
__Lstringtext4                           stringtext4  00000
__Lstringtext5                           stringtext5  00000
__Lstringtext6                           stringtext6  00000
__Lstringtext7                           stringtext7  00000
__Lstringtext8                           stringtext8  00000
__Lstringtext9                           stringtext9  00000
__Ltext                                  text         00000
__S0                                     (abs)        010ED
__S1                                     (abs)        00140
___bmul                                  text13       00E83
___bmul@multiplicand                     cstackCOMMON 00073
___bmul@multiplier                       cstackCOMMON 00075
___bmul@product                          cstackCOMMON 00074
___heap_hi                               (abs)        00000
___heap_lo                               (abs)        00000
___int_sp                                stack        00000
___int_stack_hi                          stack        00000
___int_stack_lo                          stack        00000
___latbits                               (abs)        00002
___lwdiv                                 text7        00598
___lwdiv@counter                         cstackBANK0  00020
___lwdiv@dividend                        cstackCOMMON 00075
___lwdiv@divisor                         cstackCOMMON 00073
___lwdiv@quotient                        cstackBANK0  00021
___lwmod                                 text6        006E7
___lwmod@counter                         cstackCOMMON 00077
___lwmod@dividend                        cstackCOMMON 00075
___lwmod@divisor                         cstackCOMMON 00073
___sp                                    stack        00000
___stack_hi                              stack        00000
___stack_lo                              stack        00000
___stackhi                               (abs)        00000
___stacklo                               (abs)        00000
__end_of_CLOCK_Initialize                text40       00E41
__end_of_I2C1_Close                      text56       00E83
__end_of_I2C1_ERROR_ISR                  text45       00DEC
__end_of_I2C1_EVENT_ERROR                text49       00E02
__end_of_I2C1_EVENT_IDLE                 text54       00DE8
__end_of_I2C1_EVENT_NACK                 text50       00DFC
__end_of_I2C1_EVENT_RESET                text47       00E29
__end_of_I2C1_EVENT_RX                   text51       0074B
__end_of_I2C1_EVENT_SEND_RD_ADDR         text53       00E1B
__end_of_I2C1_EVENT_SEND_WR_ADDR         text52       00DF6
__end_of_I2C1_EVENT_STOP                 text48       00E22
__end_of_I2C1_EVENT_TX                   text55       007D0
__end_of_I2C1_ErrorEventHandler          text46       00F2E
__end_of_I2C1_EventHandler               text44       0060E
__end_of_I2C1_Host                       stringtext1  01014
__end_of_I2C1_ISR                        text43       00DF0
__end_of_I2C1_Initialize                 text39       00E71
__end_of_I2C_HW_Init                     text41       007FF
__end_of_I2C_HW_Read                     text14       00517
__end_of_I2C_HW_ReadByte                 text15       00648
__end_of_I2C_HW_SendByte                 text22       007A5
__end_of_I2C_HW_Start                    text20       01000
__end_of_I2C_HW_Stop                     text19       007EF
__end_of_I2C_HW_Write                    text18       00598
__end_of_INTERRUPT_Initialize            text37       00E4B
__end_of_INTERRUPT_InterruptManager      intentry     00028
__end_of_INT_SetInterruptHandler         text38       00E08
__end_of_PIN_MANAGER_Initialize          text36       00427
__end_of_SYSTEM_Initialize               text35       00E62
__end_of___bmul                          text13       00E96
__end_of___lwdiv                         text7        005D3
__end_of___lwmod                         text6        00719
__end_of__initialization                 cinit        00049
__end_of_blink_error                     text34       006B3
__end_of_check_bus_collision             text25       00E55
__end_of_fputc                           text4        003D4
__end_of_i2c1_eventTable                 stringtext2  01026
__end_of_init_heartbeat_led              text33       00E30
__end_of_main                            maintext     001F0
__end_of_oled_display1                   text28       004C9
__end_of_oled_display2                   text27       00478
__end_of_oled_init                       text26       0031E
__end_of_oled_send                       text31       0067E
__end_of_oled_send_bit                   text32       00F4A
__end_of_oled_set_cursor                 text30       00F68
__end_of_putch                           text5        00800
__end_of_sgp30_crc                       text12       00779
__end_of_sgp30_init                      text16       00F12
__end_of_sgp30_measure                   text10       0055B
__end_of_sgp30_probe                     text9        00EC5
__end_of_sgp30_read_words                text11       0037B
__end_of_sgp30_self_test                 text8        006E7
__end_of_sgp30_send_cmd                  text17       00EAD
__end_of_sprintf                         text1        00FC2
__end_of_strlen                          text29       00EDE
__end_of_vfpfcnvrt                       text3        002BC
__end_of_vfprintf                        text2        00FA4
__end_of_wait_bus_idle                   text24       00F86
__end_of_wait_for_idle                   text21       00FE1
__end_of_wait_for_if                     text23       00EF7
__initialization                         cinit        0002A
__pbssBANK0                              bssBANK0     0004F
__pbssBANK2                              bssBANK2     00120
__pbssCOMMON                             bssCOMMON    00078
__pcstackBANK0                           cstackBANK0  00020
__pcstackBANK1                           cstackBANK1  000A0
__pcstackCOMMON                          cstackCOMMON 00070
__pdataBANK0                             dataBANK0    00063
__pidataBANK0                            idataBANK0   00E30
__pintentry                              intentry     00004
__pmaintext                              maintext     0004D
__pnvBANK0                               nvBANK0      0006A
__pstringtext1                           stringtext1  01000
__pstringtext10                          stringtext10 0108F
__pstringtext11                          stringtext11 0109C
__pstringtext12                          stringtext12 010A9
__pstringtext13                          stringtext13 010B6
__pstringtext14                          stringtext14 010C2
__pstringtext15                          stringtext15 010CE
__pstringtext16                          stringtext16 010DA
__pstringtext17                          stringtext17 010E5
__pstringtext18                          stringtext18 00000
__pstringtext2                           stringtext2  01014
__pstringtext3                           stringtext3  01026
__pstringtext4                           stringtext4  01037
__pstringtext5                           stringtext5  01047
__pstringtext6                           stringtext6  01056
__pstringtext7                           stringtext7  01065
__pstringtext8                           stringtext8  01073
__pstringtext9                           stringtext9  01081
__ptext1                                 text1        00FA4
__ptext10                                text10       00517
__ptext11                                text11       0031E
__ptext12                                text12       0074B
__ptext13                                text13       00E83
__ptext14                                text14       004C9
__ptext15                                text15       0060E
__ptext16                                text16       00EF7
__ptext17                                text17       00E96
__ptext18                                text18       0055B
__ptext19                                text19       007D0
__ptext2                                 text2        00F86
__ptext20                                text20       00FE1
__ptext21                                text21       00FC2
__ptext22                                text22       00779
__ptext23                                text23       00EDE
__ptext24                                text24       00F68
__ptext25                                text25       00E4B
__ptext26                                text26       002BC
__ptext27                                text27       00427
__ptext28                                text28       00478
__ptext29                                text29       00EC5
__ptext3                                 text3        001F0
__ptext30                                text30       00F4A
__ptext31                                text31       00648
__ptext32                                text32       00F2E
__ptext33                                text33       00E29
__ptext34                                text34       0067E
__ptext35                                text35       00E55
__ptext36                                text36       003D4
__ptext37                                text37       00E41
__ptext38                                text38       00E02
__ptext39                                text39       00E62
__ptext4                                 text4        0037B
__ptext40                                text40       00E37
__ptext41                                text41       007EF
__ptext43                                text43       00DEC
__ptext44                                text44       005D3
__ptext45                                text45       00DE8
__ptext46                                text46       00F12
__ptext47                                text47       00E22
__ptext48                                text48       00E1B
__ptext49                                text49       00DFC
__ptext5                                 text5        007FF
__ptext50                                text50       00DF6
__ptext51                                text51       00719
__ptext52                                text52       00DF0
__ptext53                                text53       00E14
__ptext54                                text54       00DE4
__ptext55                                text55       007A5
__ptext56                                text56       00E71
__ptext6                                 text6        006E7
__ptext7                                 text7        00598
__ptext8                                 text8        006B3
__ptext9                                 text9        00EAD
_blink_error                             text34       0067E
_check_bus_collision                     text25       00E4B
_dbuf                                    bssBANK2     00120
_flags                                   bssCOMMON    0007A
_fputc                                   text4        0037B
_i2c1Status                              bssBANK0     0004F
_i2c1_eventTable                         stringtext2  01014
_init_heartbeat_led                      text33       00E29
_main                                    maintext     0004D
_oled_display1                           text28       00478
_oled_display1$1155                      cstackBANK0  0002C
_oled_display2                           text27       00427
_oled_display2$1160                      cstackBANK0  0002C
_oled_init                               text26       002BC
_oled_send                               text31       00648
_oled_send_bit                           text32       00F2E
_oled_set_cursor                         text30       00F4A
_oled_set_cursor$1146                    cstackBANK0  00025
_prec                                    bssBANK0     0005F
_putch                                   text5        007FF
_sgp30_crc                               text12       0074B
_sgp30_init                              text16       00EF7
_sgp30_measure                           text10       00517
_sgp30_probe                             text9        00EAD
_sgp30_read_words                        text11       0031E
_sgp30_self_test                         text8        006B3
_sgp30_send_cmd                          text17       00E96
_sprintf                                 text1        00FA4
_strlen                                  text29       00EC5
_vfpfcnvrt                               text3        001F0
_vfprintf                                text2        00F86
_wait_bus_idle                           text24       00F68
_wait_for_idle                           text21       00FC2
_wait_for_if                             text23       00EDE
_width                                   bssBANK0     0005D
blink_error@count                        cstackCOMMON 00075
blink_error@i                            cstackCOMMON 00076
btemp                                    (abs)        0007E
btemp0                                   (abs)        0007E
btemp1                                   (abs)        0007F
clear_ram0                               clrtext      00E08
end_of_initialization                    cinit        00049
fputc@c                                  cstackCOMMON 00073
fputc@fp                                 cstackCOMMON 00075
init_ram                                 inittext     00E0E
int$flags                                (abs)        0007E
intlevel0                                functab      00000
intlevel1                                functab      00000
intlevel2                                functab      00000
intlevel3                                functab      00000
intlevel4                                functab      00000
intlevel5                                functab      00000
ltemp0a                                  (abs)        00080
main@F8423                               dataBANK0    00067
main@F8425                               dataBANK0    00063
main@air                                 cstackBANK1  000E0
main@disp                                cstackBANK1  000DD
main@line1                               cstackBANK1  000B1
main@line2                               cstackBANK1  000A0
main@line2_1045                          cstackBANK1  000C2
main@probe_result                        cstackBANK1  000DC
main@test_ok                             cstackBANK1  000DB
main@thresholds                          cstackBANK1  000D3
main@tvoc_limit                          cstackBANK1  000D9
main@tvoc_val                            cstackBANK1  000D7
oled_display1@i                          cstackBANK0  0002E
oled_display1@len                        cstackBANK0  0002B
oled_display1@str                        cstackBANK0  00027
oled_display2@i                          cstackBANK0  0002E
oled_display2@len                        cstackBANK0  0002B
oled_display2@str                        cstackBANK0  00027
oled_send@data                           cstackCOMMON 00074
oled_send@i                              cstackBANK0  00021
oled_send@rs                             cstackBANK0  00020
oled_send_bit@bit                        cstackCOMMON 00073
oled_set_cursor@addr                     cstackBANK0  00024
oled_set_cursor@col                      cstackCOMMON 00076
oled_set_cursor@line                     cstackBANK0  00023
reset_vec                                reset_vec    00000
sgp30_crc@bit                            cstackBANK0  00023
sgp30_crc@byte1                          cstackBANK0  00020
sgp30_crc@byte2                          cstackCOMMON 00073
sgp30_crc@crc                            cstackBANK0  00025
sgp30_crc@data                           cstackBANK0  00021
sgp30_crc@i                              cstackBANK0  00024
sgp30_measure@result                     cstackBANK0  0003B
sgp30_measure@words                      cstackBANK0  0003E
sgp30_probe@s                            cstackBANK0  00020
sgp30_read_words@crc                     cstackBANK0  00036
sgp30_read_words@idx                     cstackBANK0  00039
sgp30_read_words@lsb                     cstackBANK0  00038
sgp30_read_words@msb                     cstackBANK0  00037
sgp30_read_words@n_words                 cstackBANK0  00029
sgp30_read_words@raw                     cstackBANK0  0002B
sgp30_read_words@result_buf              cstackBANK0  00028
sgp30_read_words@s                       cstackBANK0  00035
sgp30_read_words@total                   cstackBANK0  00034
sgp30_read_words@w                       cstackBANK0  0003A
sgp30_self_test@result                   cstackBANK0  0003D
sgp30_send_cmd@buf                       cstackBANK0  00028
sgp30_send_cmd@cmd                       cstackBANK0  00025
sgp30_send_cmd@s                         cstackBANK0  00027
sprintf@ap                               cstackBANK0  00041
sprintf@f                                cstackBANK0  00042
sprintf@fmt                              cstackBANK0  0003D
sprintf@s                                cstackBANK0  0003C
start                                    init         00028
start_initialization                     cinit        0002A
strlen@a                                 cstackCOMMON 00076
strlen@s                                 cstackCOMMON 00073
ttemp0a                                  (abs)        0007F
vfpfcnvrt@ap                             cstackBANK0  00028
vfpfcnvrt@c                              cstackBANK0  00033
vfpfcnvrt@convarg                        cstackBANK0  0002F
vfpfcnvrt@cp                             cstackBANK0  0002D
vfpfcnvrt@fmt                            cstackBANK0  00027
vfpfcnvrt@fp                             cstackBANK0  00025
vfprintf@ap                              cstackBANK0  00038
vfprintf@cfmt                            cstackBANK0  0003A
vfprintf@fmt                             cstackBANK0  00036
vfprintf@fp                              cstackBANK0  00034
wait_bus_idle@cnt                        cstackCOMMON 00073
wait_for_idle@cnt                        cstackCOMMON 00075
wait_for_idle@mask                       cstackCOMMON 00074
wait_for_idle@reg                        cstackCOMMON 00073
wait_for_if@cnt                          cstackCOMMON 00073
wtemp0                                   (abs)        0007E
wtemp0a                                  (abs)        0007F


MODULE INFORMATION

Module		Function		Class		Link	Load	Size
E:\MPXLab\XC8 Compiler\pic\sources\c99\common\nf_sprintf.c
		_sprintf       		CODE           	0FA4	0000	30

E:\MPXLab\XC8 Compiler\pic\sources\c99\common\nf_sprintf.c estimated size: 30

E:\MPXLab\XC8 Compiler\pic\sources\c99\common\lwdiv.c
		___lwdiv       		CODE           	0598	0000	59

E:\MPXLab\XC8 Compiler\pic\sources\c99\common\lwdiv.c estimated size: 59

E:\MPXLab\XC8 Compiler\pic\sources\c99\common\doprnt.c
		_vfpfcnvrt     		CODE           	01F0	0000	204
		_vfprintf      		CODE           	0F86	0000	30

E:\MPXLab\XC8 Compiler\pic\sources\c99\common\doprnt.c estimated size: 234

E:\MPXLab\XC8 Compiler\pic\sources\c99\common\Umul8.c
		___bmul        		CODE           	0E83	0000	19

E:\MPXLab\XC8 Compiler\pic\sources\c99\common\Umul8.c estimated size: 19

sgp30_sensor.c
		_sgp30_send_cmd		CODE           	0E96	0000	23
		_sgp30_read_words		CODE           	031E	0000	93
		_sgp30_self_test		CODE           	06B3	0000	52
		_sgp30_crc     		CODE           	074B	0000	46
		_sgp30_measure 		CODE           	0517	0000	68
		_sgp30_init    		CODE           	0EF7	0000	27

sgp30_sensor.c estimated size: 309

I2C.c
		_check_bus_collision		CODE           	0E4B	0000	10
		_I2C_HW_ReadByte		CODE           	060E	0000	58
		_I2C_HW_SendByte		CODE           	0779	0000	44
		_wait_bus_idle 		CODE           	0F68	0000	30
		_I2C_HW_Read   		CODE           	04C9	0000	78
		_I2C_HW_Init   		CODE           	07EF	0000	16
		_I2C_HW_Stop   		CODE           	07D0	0000	31
		_I2C_HW_Write  		CODE           	055B	0000	61
		_I2C_HW_Start  		CODE           	0FE1	0000	31
		_wait_for_if   		CODE           	0EDE	0000	25
		_wait_for_idle 		CODE           	0FC2	0000	31

I2C.c estimated size: 415

mcc_generated_files/system/src/interrupt.c
		_INT_SetInterruptHandler		CODE           	0E02	0000	6
		_INTERRUPT_Initialize		CODE           	0E41	0000	10
		_INTERRUPT_InterruptManager		CODE           	0004	0000	36

mcc_generated_files/system/src/interrupt.c estimated size: 52

mcc_generated_files/i2c_host/src/mssp1.c
		_I2C1_EVENT_SEND_WR_ADDR		CODE           	0DF0	0000	6
		_I2C1_ErrorEventHandler		CODE           	0F12	0000	28
		_I2C1_EVENT_RESET		CODE           	0E22	0000	7
		_I2C1_EVENT_ERROR		CODE           	0DFC	0000	6
		_I2C1_EVENT_RX 		CODE           	0719	0000	50
		_I2C1_EVENT_TX 		CODE           	07A5	0000	43
		_I2C1_ISR      		CODE           	0DEC	0000	4
		_I2C1_EventHandler		CODE           	05D3	0000	59
		_I2C1_EVENT_IDLE		CODE           	0DE4	0000	4
		_I2C1_EVENT_NACK		CODE           	0DF6	0000	6
		_I2C1_EVENT_SEND_RD_ADDR		CODE           	0E14	0000	7
		_I2C1_EVENT_STOP		CODE           	0E1B	0000	7
		_I2C1_Initialize		CODE           	0E62	0000	15
		_I2C1_Close    		CODE           	0E71	0000	18
		_I2C1_ERROR_ISR		CODE           	0DE8	0000	4

mcc_generated_files/i2c_host/src/mssp1.c estimated size: 264

mcc_generated_files/system/src/pins.c
		_PIN_MANAGER_Initialize		CODE           	03D4	0000	83

mcc_generated_files/system/src/pins.c estimated size: 83

Main.c
		_init_heartbeat_led		CODE           	0E29	0000	7
		_blink_error   		CODE           	067E	0000	53
		_main          		CODE           	004D	0000	419
		_sgp30_probe   		CODE           	0EAD	0000	24

Main.c estimated size: 503

shared
		__initialization		CODE           	002A	0000	31
		_I2C1_Host     		STRCODE        	0000	0000	0
		_i2c1_eventTable		STRCODE        	1014	0000	18

shared estimated size: 49

E:\MPXLab\XC8 Compiler\pic\sources\c99\common\nf_fputc.c
		_fputc         		CODE           	037B	0000	89

E:\MPXLab\XC8 Compiler\pic\sources\c99\common\nf_fputc.c estimated size: 89

E:\MPXLab\XC8 Compiler\pic\sources\c99\common\strlen.c
		_strlen        		CODE           	0EC5	0000	25

E:\MPXLab\XC8 Compiler\pic\sources\c99\common\strlen.c estimated size: 25

E:\MPXLab\XC8 Compiler\pic\sources\c99\common\lwmod.c
		___lwmod       		CODE           	06E7	0000	50

E:\MPXLab\XC8 Compiler\pic\sources\c99\common\lwmod.c estimated size: 50

oled.c
		_oled_send_bit 		CODE           	0F2E	0000	28
		_oled_set_cursor		CODE           	0F4A	0000	30
		_oled_display1 		CODE           	0478	0000	81
		_oled_display2 		CODE           	0427	0000	81
		_oled_init     		CODE           	02BC	0000	98
		_oled_send     		CODE           	0648	0000	54

oled.c estimated size: 372

E:\MPXLab\XC8 Compiler\pic\sources\c99\common\putch.c
		_putch         		CODE           	07FF	0000	1

E:\MPXLab\XC8 Compiler\pic\sources\c99\common\putch.c estimated size: 1

mcc_generated_files/system/src/clock.c
		_CLOCK_Initialize		CODE           	0E37	0000	10

mcc_generated_files/system/src/clock.c estimated size: 10

mcc_generated_files/system/src/system.c
		_SYSTEM_Initialize		CODE           	0E55	0000	13

mcc_generated_files/system/src/system.c estimated size: 13

